// Jest Snapshot v1, https://goo.gl/fbAQLP

exports[`renders correctly 1`] = `
<section
  id="form-container"
>
  <form
    aria-label="Search form"
    id="search-form"
    name="search-form"
    onSubmit={[Function]}
  >
    <fieldset>
      <legend>
        <h2>
          Search
        </h2>
      </legend>
      <div
        className="form-element-container"
      >
        <label
          htmlFor="form-input"
        >
          Search by: Name, City, State, Zipcode.
        </label>
        <input
          aria-labelledby="form-input"
          id="form-input"
          name="text"
          placeholder="Search"
          required={true}
          type="text"
        />
      </div>
      <div
        className="form-error-container"
      />
      <div
        className="form-element-submit-container"
      >
        <input
          aria-label="form-submit"
          id="form-submit"
          required={true}
          type="submit"
          value="Submit"
        />
      </div>
    </fieldset>
  </form>
</section>
`;
