// Jest Snapshot v1, https://goo.gl/fbAQLP

exports[`renders correctly 1`] = `
<section
  id="contact-form-container"
>
  <form
    aria-label="Contact form"
    id="contact-form"
    name="contact-form"
    onSubmit={[Function]}
  >
    <fieldset>
      <legend>
        <h2
          className="contact-h2"
        >
          Contact Us
        </h2>
      </legend>
      <div
        className="form-element-container"
      >
        <label
          htmlFor="contact-form-name"
        >
          Name: 
        </label>
        <input
          aria-labelledby="contact-form-name"
          id="contact-form-name"
          name="name"
          placeholder="Name"
          required={true}
          type="text"
        />
      </div>
      <div
        className="form-element-container"
      >
        <label
          htmlFor="contact-form-email"
        >
          Email: 
        </label>
        <input
          aria-labelledby="contact-form-email"
          id="contact-form-email"
          name="email"
          placeholder="your@email.com"
          required={true}
          type="email"
        />
      </div>
      <div
        className="form-element-container"
      >
        <label
          htmlFor="contact-form-message"
        >
          Message: 
        </label>
        <textarea
          aria-labelledby="contact-form-message"
          cols="30"
          id="contact-form-message"
          name="message"
          required={true}
          rows="6"
        />
      </div>
      <div
        className="form-element-submit-container"
      >
        <input
          aria-label="form-submit"
          id="form-submit"
          required={true}
          type="submit"
          value="Submit"
        />
      </div>
    </fieldset>
  </form>
</section>
`;
