// Jest Snapshot v1, https://goo.gl/fbAQLP

exports[`renders correctly 1`] = `
<section
  id="form-container"
>
  <form
    aria-label="submit-org-form"
    id="submit-org-form"
    name="submit-org-form"
    onSubmit={[Function]}
  >
    <fieldset>
      <legend>
        <h2
          id="submit-org-h2"
        >
          Submit an Organization
        </h2>
      </legend>
      <div
        id="submit-org-form-instructions"
      >
        <p>
          We invite you to submit organizations into the database, where they can then be reviewed as positive or negative for discrimination.
        </p>
        <p>
          We would like to thank you for taking the time to submit an entry, every entry is one step closer to a solution.
        </p>
      </div>
      <div
        className="form-element-container"
      >
        <label
          htmlFor="submit-org-form-organization-name"
        >
          Organization name:
        </label>
        <input
          aria-labelledby="submit-org-form-organization-name"
          id="submit-org-form-organization-name"
          name="org_name"
          placeholder="Name"
          required={true}
          type="text"
        />
      </div>
      <div
        className="form-element-container"
      >
        <label
          htmlFor="submit-org-form-organization-phone"
        >
          Phone:
        </label>
        <input
          aria-labelledby="submit-org-form-organization-phone"
          id="submit-org-form-organization-phone"
          name="org_phone"
          placeholder="Organization phone number"
          type="tel"
        />
      </div>
      <div
        className="form-element-container"
      >
        <label
          htmlFor="submit-org-form-organization-street-address"
        >
          Street address:
        </label>
        <input
          aria-labelledby="submit-org-form-organization-street-address"
          id="submit-org-form-organization-street-address"
          name="org_st_addr"
          placeholder="Street address"
          required={true}
          type="text"
        />
      </div>
      <div
        className="form-element-container"
      >
        <label
          htmlFor="submit-org-form-organization-city"
        >
          City:
        </label>
        <input
          aria-labelledby="submit-org-form-organization-city"
          id="submit-org-form-organization-city"
          name="org_city"
          placeholder="City"
          required={true}
          type="text"
        />
      </div>
      <div
        className="form-element-container"
      >
        <label
          htmlFor="submit-org-form-organization-state"
        >
          State:
        </label>
        <select
          aria-labelledby="submit-org-form-organization-state"
          id="submit-org-form-organization-state"
          name="org_state"
          required={true}
        >
          <option
            value="AL"
          >
            AL
          </option>
          <option
            value="AK"
          >
            AK
          </option>
          <option
            value="AZ"
          >
            AZ
          </option>
          <option
            value="AR"
          >
            AR
          </option>
          <option
            value="CA"
          >
            CA
          </option>
          <option
            value="CO"
          >
            CO
          </option>
          <option
            value="CT"
          >
            CT
          </option>
          <option
            value="DE"
          >
            DE
          </option>
          <option
            value="FL"
          >
            FL
          </option>
          <option
            value="GA"
          >
            GA
          </option>
          <option
            value="HI"
          >
            HI
          </option>
          <option
            value="ID"
          >
            ID
          </option>
          <option
            value="IL"
          >
            IL
          </option>
          <option
            value="IN"
          >
            IN
          </option>
          <option
            value="IA"
          >
            IA
          </option>
          <option
            value="KS"
          >
            KS
          </option>
          <option
            value="KY"
          >
            KY
          </option>
          <option
            value="LA"
          >
            LA
          </option>
          <option
            value="ME"
          >
            ME
          </option>
          <option
            value="MD"
          >
            MD
          </option>
          <option
            value="MA"
          >
            MA
          </option>
          <option
            value="MI"
          >
            MI
          </option>
          <option
            value="MN"
          >
            MN
          </option>
          <option
            value="MS"
          >
            MS
          </option>
          <option
            value="MO"
          >
            MO
          </option>
          <option
            value="MT"
          >
            MT
          </option>
          <option
            value="NE"
          >
            NE
          </option>
          <option
            value="NV"
          >
            NV
          </option>
          <option
            value="NH"
          >
            NH
          </option>
          <option
            value="NJ"
          >
            NJ
          </option>
          <option
            value="NM"
          >
            NM
          </option>
          <option
            value="NY"
          >
            NY
          </option>
          <option
            value="NC"
          >
            NC
          </option>
          <option
            value="ND"
          >
            ND
          </option>
          <option
            value="OH"
          >
            OH
          </option>
          <option
            value="OK"
          >
            OK
          </option>
          <option
            value="OR"
          >
            OR
          </option>
          <option
            value="PA"
          >
            PA
          </option>
          <option
            value="RI"
          >
            RI
          </option>
          <option
            value="SC"
          >
            SC
          </option>
          <option
            value="SD"
          >
            SD
          </option>
          <option
            value="TN"
          >
            TN
          </option>
          <option
            value="TX"
          >
            TX
          </option>
          <option
            value="UT"
          >
            UT
          </option>
          <option
            value="VT"
          >
            VT
          </option>
          <option
            value="VA"
          >
            VA
          </option>
          <option
            value="WA"
          >
            WA
          </option>
          <option
            value="WV"
          >
            WV
          </option>
          <option
            value="WI"
          >
            WI
          </option>
          <option
            value="WY"
          >
            WY
          </option>
        </select>
      </div>
      <div
        className="form-element-container"
      >
        <label
          htmlFor="submit-org-form-organization-zip-code"
        >
          Zip code:
        </label>
        <input
          aria-labelledby="submit-org-form-organization-zip-code"
          id="submit-org-form-organization-zip-code"
          name="org_zipcode"
          placeholder="Zip code"
          required={true}
          type="text"
        />
      </div>
      <div
        className="form-element-container"
      >
        <label
          htmlFor="submit-org-form-organization-type"
        >
          Organization Type:
        </label>
        <select
          aria-labelledby="submit-org-form-organization-type"
          id="submit-org-form-organization-type"
          name="org_type"
          required={true}
        >
          <option
            disabled={true}
            value="employment"
          >
            Employment
          </option>
          <option
            value="housing"
          >
            Housing
          </option>
        </select>
      </div>
      <div
        className="form-error-container"
      />
      <div
        className="form-element-submit-container"
      >
        <input
          aria-label="form-submit"
          id="form-submit"
          required={true}
          type="submit"
          value="Submit"
        />
      </div>
    </fieldset>
  </form>
</section>
`;
