// Jest Snapshot v1, https://goo.gl/fbAQLP

exports[`renders correctly 1`] = `
<section
  id="form-container"
>
  <div
    id="endorsement-login-message"
  >
    <h3>
      You must 
      <a
        href="/login"
        onClick={[Function]}
      >
        log in
      </a>
       to submit organizations
    </h3>
  </div>
</section>
`;
