// Jest Snapshot v1, https://goo.gl/fbAQLP

exports[`renders correctly 1`] = `
<section
  id="login-form-container"
>
  <form
    aria-label="Login form"
    id="login-form"
    name="login-form"
    onSubmit={[Function]}
  >
    <fieldset>
      <legend>
        <h2>
          Login
        </h2>
      </legend>
      <div
        className="login-form-element-container"
      >
        <label
          htmlFor="login-form-email"
        >
          Email: 
        </label>
        <input
          aria-labelledby="Login form email"
          className="login-form-element"
          id="login-form-email"
          name="email"
          placeholder="Email"
          required={true}
          type="text"
        />
      </div>
      <div
        className="login-form-element-container"
      >
        <label
          htmlFor="login-form-password"
        >
          Password: 
        </label>
        <input
          aria-labelledby="Login form password"
          className="login-form-element"
          id="login-form-password"
          name="password"
          placeholder="Password"
          required={true}
          type="password"
        />
      </div>
      <div
        className="login-form-error-container"
      />
      <div
        className="login-form-element-container"
      >
        <input
          aria-label="Login form submit"
          id="login-form-submit"
          type="submit"
          value="Submit"
        />
      </div>
    </fieldset>
  </form>
  <h3>
    <p>
      Test login info: email: jake.todd@email.com / password: somePass1
    </p>
  </h3>
  <h3>
    <p>
      <a
        href="/signup"
        onClick={[Function]}
      >
        Sign Up
      </a>
    </p>
  </h3>
  <h3>
    <p>
      <a
        href="/forgottenlogininfo"
        id="forgotten-login-info-link"
        onClick={[Function]}
      >
        Forgotten your Login info?
      </a>
    </p>
  </h3>
</section>
`;
