// Jest Snapshot v1, https://goo.gl/fbAQLP

exports[`renders correctly 1`] = `
<div>
  <h2>
    Our Mission:
  </h2>
  <p>
    Combating the rampant discrimination against persons with a felony history. If you have been the victim of this type of blanket policy, we invite you to report that organization here. Opposite that, if you have been given an opportunity, we invite you to recommend that organization here.
  </p>
</div>
`;
