// Jest Snapshot v1, https://goo.gl/fbAQLP

exports[`renders correctly 1`] = `
<section
  id="signup-form-container"
>
  <form
    aria-label="Signup form"
    id="signup-form"
    name="signup-form"
  >
    <fieldset>
      <legend>
        <h2>
          Sign Up
        </h2>
      </legend>
      <div
        className="signup-form-element-container"
      >
        <label>
          First Name: 
        </label>
        <input
          aria-labelledby="signup-form-first-name"
          className="signup-form-element"
          id="signup-form-first-name"
          name="signup-form-first-name"
          placeholder="First Name"
          required={true}
          type="text"
        />
      </div>
      <div
        className="signup-form-element-container"
      >
        <label>
          Last Name: 
        </label>
        <input
          aria-labelledby="signup-form-last-name"
          className="signup-form-element"
          id="signup-form-last-name"
          name="signup-form-last-name"
          placeholder="Last Name"
          required={true}
          type="text"
        />
      </div>
      <div
        className="signup-form-element-container"
      >
        <label>
          Email: 
        </label>
        <input
          aria-labelledby="signup-form-password"
          className="signup-form-element"
          id="signup-form-email"
          name="signup-form-email"
          placeholder="Email"
          required={true}
          type="text"
        />
      </div>
      <div
        className="signup-form-element-container"
      >
        <label>
          City: 
        </label>
        <input
          aria-labelledby="signup-form-city"
          className="signup-form-element"
          id="signup-form-city"
          name="signup-form-city"
          placeholder="City"
          required={true}
          type="text"
        />
      </div>
      <div
        className="signup-form-element-container"
      >
        <label>
          State:
        </label>
        <select
          className="signup-form-element"
          id="signup-form-state"
          name="signup-form-state"
          required={true}
        >
          <option
            value="AL"
          >
            AL
          </option>
          <option
            value="AK"
          >
            AK
          </option>
          <option
            value="AZ"
          >
            AZ
          </option>
          <option
            value="AR"
          >
            AR
          </option>
          <option
            value="CA"
          >
            CA
          </option>
          <option
            value="CO"
          >
            CO
          </option>
          <option
            value="CT"
          >
            CT
          </option>
          <option
            value="DE"
          >
            DE
          </option>
          <option
            value="FL"
          >
            FL
          </option>
          <option
            value="GA"
          >
            GA
          </option>
          <option
            value="HI"
          >
            HI
          </option>
          <option
            value="ID"
          >
            ID
          </option>
          <option
            value="IL"
          >
            IL
          </option>
          <option
            value="IN"
          >
            IN
          </option>
          <option
            value="IA"
          >
            IA
          </option>
          <option
            value="KS"
          >
            KS
          </option>
          <option
            value="KY"
          >
            KY
          </option>
          <option
            value="LA"
          >
            LA
          </option>
          <option
            value="ME"
          >
            ME
          </option>
          <option
            value="MD"
          >
            MD
          </option>
          <option
            value="MA"
          >
            MA
          </option>
          <option
            value="MI"
          >
            MI
          </option>
          <option
            value="MN"
          >
            MN
          </option>
          <option
            value="MS"
          >
            MS
          </option>
          <option
            value="MO"
          >
            MO
          </option>
          <option
            value="MT"
          >
            MT
          </option>
          <option
            value="NE"
          >
            NE
          </option>
          <option
            value="NV"
          >
            NV
          </option>
          <option
            value="NH"
          >
            NH
          </option>
          <option
            value="NJ"
          >
            NJ
          </option>
          <option
            value="NM"
          >
            NM
          </option>
          <option
            value="NY"
          >
            NY
          </option>
          <option
            value="NC"
          >
            NC
          </option>
          <option
            value="ND"
          >
            ND
          </option>
          <option
            value="OH"
          >
            OH
          </option>
          <option
            value="OK"
          >
            OK
          </option>
          <option
            value="OR"
          >
            OR
          </option>
          <option
            value="PA"
          >
            PA
          </option>
          <option
            value="RI"
          >
            RI
          </option>
          <option
            value="SC"
          >
            SC
          </option>
          <option
            value="SD"
          >
            SD
          </option>
          <option
            value="TN"
          >
            TN
          </option>
          <option
            value="TX"
          >
            TX
          </option>
          <option
            value="UT"
          >
            UT
          </option>
          <option
            value="VT"
          >
            VT
          </option>
          <option
            value="VA"
          >
            VA
          </option>
          <option
            value="WA"
          >
            WA
          </option>
          <option
            value="WV"
          >
            WV
          </option>
          <option
            value="WI"
          >
            WI
          </option>
          <option
            value="WY"
          >
            WY
          </option>
        </select>
      </div>
      <div
        className="signup-form-element-container"
      >
        <label>
          Zip Code: 
        </label>
        <input
          aria-labelledby="signup-form-zipcode"
          className="signup-form-element"
          id="signup-form-zipcode"
          name="signup-form-zipcode"
          placeholder="Zip Code"
          required={true}
          type="text"
        />
      </div>
      <div
        className="signup-form-element-container"
      >
        <label>
          Password: 
        </label>
        <input
          aria-labelledby="signup-form-password"
          className="signup-form-element"
          id="signup-form-password"
          name="signup-form-password"
          placeholder="Password"
          required={true}
          type="password"
        />
      </div>
      <div
        className="signup-form-element-container"
      >
        <input
          aria-label="Signup form submit"
          id="signup-form-submit"
          required={true}
          type="submit"
          value="Submit"
        />
      </div>
    </fieldset>
  </form>
</section>
`;
