// Jest Snapshot v1, https://goo.gl/fbAQLP

exports[`renders correctly 1`] = `
<section
  id="organization-profile"
>
  <div
    id="org-info-container"
  >
    <div
      className="org-info"
      id="org-name"
    >
      <h2 />
    </div>
    <div
      className="org-info"
      id="org-phone"
    >
      <h3>
        Phone:
      </h3>
      <p>
        <a
          href="tel:undefined"
        />
      </p>
    </div>
    <div
      className="org-info"
      id="org-address"
    >
      <h3>
        Address:
      </h3>
      <p />
      <p>
        , 
         
      </p>
    </div>
  </div>
  <div
    id="endorsements-info-container"
  >
    <div
      className="endorsements-info"
      id="pos-endorsement-sum"
    />
    <div
      className="endorsements-info"
      id="pos-endorsement"
    />
    <div
      className="endorsements-info"
      id="neg-endorsement"
    />
    <div
      className="endorsements-info"
      id="neg-endorsement-sum"
    />
  </div>
  <div
    id="organization-endorsement-form-container"
  >
    <form
      aria-label="Endorsement form"
      id="endorsement-form"
      name="endorsement-form"
      onSubmit={[Function]}
    >
      <fieldset>
        <legend>
          <h3>
            Submit an Endorsement
          </h3>
        </legend>
        <div
          className="endorsement-form-element-container"
        >
          <label>
            Choose your Endorsement:
          </label>
          <select
            className="endorsement-form-element"
            id="endorsement-form-select"
            name="endorsement"
            required={true}
          >
            <option
              value="1"
            >
              Positive
            </option>
            <option
              value="0"
            >
              Negative
            </option>
          </select>
        </div>
        <div
          className="endorsement-form-error-container"
        />
        <div
          className="endorsement-form-element-container"
        >
          <input
            aria-label="endorsement form submit"
            id="endorsement-form-submit"
            required={true}
            type="submit"
            value="Submit"
          />
        </div>
      </fieldset>
    </form>
  </div>
  <div
    id="comments-list-title"
  >
    <h3>
      See what others are saying
    </h3>
  </div>
  <div
    id="comment-list-container"
  >
    <div />
  </div>
  <div
    className="organization-comment-form-container"
  >
    <form
      aria-label="Comment form"
      id="comment-form"
      name="comment-form"
      onSubmit={[Function]}
    >
      <fieldset>
        <legend>
          <h3>
            Submit a Comment
          </h3>
        </legend>
        <div
          className="comment-form-element-container"
        >
          <label>
            Title:
          </label>
          <input
            aria-labelledby="Comment form email"
            className="comment-form-element"
            id="comment-form-input"
            name="title"
            placeholder="Search"
            required={true}
            type="text"
          />
        </div>
        <div
          className="comment-form-element-container"
        >
          <label>
            Message:
          </label>
          <textarea
            aria-labelledby="review-form-message"
            className="comment-form-element"
            cols="27"
            id="comment-form-message"
            name="content"
            required={true}
            rows="6"
          />
        </div>
        <div
          className="comment-form-error-container"
        />
        <div
          className="comment-form-element-container"
        >
          <input
            aria-label="comment form submit"
            id="comment-form-submit"
            required={true}
            type="submit"
            value="Submit"
          />
        </div>
      </fieldset>
    </form>
  </div>
</section>
`;
