// Jest Snapshot v1, https://goo.gl/fbAQLP

exports[`renders correctly 1`] = `
<div
  id="organization-endorsement-form-container"
>
  <form
    aria-label="Endorsement form"
    id="endorsement-form"
    name="endorsement-form"
    onSubmit={[Function]}
  >
    <fieldset>
      <legend>
        <h3>
          Submit an Endorsement
        </h3>
      </legend>
      <div
        className="endorsement-form-element-container"
      >
        <label>
          Choose your Endorsement:
        </label>
        <select
          className="endorsement-form-element"
          id="endorsement-form-select"
          name="endorsement"
          required={true}
        >
          <option
            value="1"
          >
            Positive
          </option>
          <option
            value="0"
          >
            Negative
          </option>
        </select>
      </div>
      <div
        className="endorsement-form-error-container"
      />
      <div
        className="endorsement-form-element-container"
      >
        <input
          aria-label="endorsement form submit"
          id="endorsement-form-submit"
          required={true}
          type="submit"
          value="Submit"
        />
      </div>
    </fieldset>
  </form>
</div>
`;
