// Jest Snapshot v1, https://goo.gl/fbAQLP

exports[`renders correctly 1`] = `
<div
  className="organization-comment-form-container"
>
  <div
    id="comment-login-message"
  >
    <h3>
      You must 
      <a
        href="/login"
        onClick={[Function]}
      >
        log in
      </a>
       to submit comments
    </h3>
  </div>
</div>
`;
