// Jest Snapshot v1, https://goo.gl/fbAQLP

exports[`renders correctly 1`] = `
<div
  id="organization-endorsement-form-container"
>
  <form
    aria-label="Endorsement form"
    id="endorsement-form"
    name="endorsement-form"
    onSubmit={[Function]}
  >
    <legend>
      Submit an Endorsement
    </legend>
    <div
      className="endorsement-form-element-container"
    >
      <label>
        Endorse:
      </label>
      <select
        className="endorsement-form-element"
        id="endorsement-form-select"
        name="endorsement"
        required={true}
      >
        <option
          value="positive"
        >
          Positive
        </option>
        <option
          value="negative"
        >
          Negative
        </option>
      </select>
    </div>
  </form>
</div>
`;
