// Jest Snapshot v1, https://goo.gl/fbAQLP

exports[`renders correctly 1`] = `
<section
  id="search-results"
>
  <div />
  <a
    className="search-result-link"
    href="/orgs/5"
    id="5"
    onClick={[Function]}
  >
    <div
      className="search-result-item"
    >
      <div
        id="org-name"
      >
        <h2>
          brownstone realty ltd
        </h2>
      </div>
    </div>
  </a>
</section>
`;
